<?xml version="1.0" encoding="utf-8"?>
<TestRun id="52b18534-7e23-4cf2-99b3-a7e04cfb4581" name="Thomas@DESKTOP-5RCCEB2 2022-06-12 21:49:30" runUser="DESKTOP-5RCCEB2\Thomas" xmlns="http://microsoft.com/schemas/VisualStudio/TeamTest/2010">
  <Times creation="2022-06-12T21:49:30.5438716+02:00" queuing="2022-06-12T21:49:30.5438719+02:00" start="2022-06-12T21:49:29.8632207+02:00" finish="2022-06-12T21:49:30.7001602+02:00" />
  <TestSettings name="default" id="f76339e3-4247-4723-b678-b7fe82134004">
    <Deployment runDeploymentRoot="Thomas_DESKTOP-5RCCEB2_2022-06-12_21_49_30" />
  </TestSettings>
  <Results>
    <UnitTestResult executionId="8597b714-047b-4b69-bbc2-899192ecaddb" testId="6bb8d5cd-3791-9de0-2292-5754aacdce09" testName="EvilGiraffes.Tests.Matrix2DTest.IndexIntTest(inserted: 539, length: 901, width: 109)" computerName="DESKTOP-5RCCEB2" duration="00:00:00.0010921" startTime="2022-06-12T21:49:30.5236995+02:00" endTime="2022-06-12T21:49:30.5236995+02:00" testType="13cdc9d9-ddb5-4fa4-a97d-d965ccfc6d4b" outcome="Passed" testListId="8c84fa94-04c1-424b-9868-57a2d4851a1d" relativeResultsDirectory="8597b714-047b-4b69-bbc2-899192ecaddb">
      <Output>
        <StdOut>Params: Inserted: 539, Length: 901, Width: 109		Internal: X: 94, Y: 363</StdOut>
      </Output>
    </UnitTestResult>
    <UnitTestResult executionId="23e3c21d-b9fc-479c-a6a1-9b4dcde9e230" testId="9a656376-c900-c692-75e3-e599277bed51" testName="EvilGiraffes.Tests.Matrix2DTest.PropertyTest(length: 182, width: 828)" computerName="DESKTOP-5RCCEB2" duration="00:00:00.0052189" startTime="2022-06-12T21:49:30.5236791+02:00" endTime="2022-06-12T21:49:30.5236792+02:00" testType="13cdc9d9-ddb5-4fa4-a97d-d965ccfc6d4b" outcome="Passed" testListId="8c84fa94-04c1-424b-9868-57a2d4851a1d" relativeResultsDirectory="23e3c21d-b9fc-479c-a6a1-9b4dcde9e230">
      <Output>
        <StdOut>Matrix: Length: 182, Width: 828, Count: 150696		Expected: Lenght: 182, Width: 828, Count: 150696</StdOut>
      </Output>
    </UnitTestResult>
    <UnitTestResult executionId="3d2038b2-547b-447d-8e4a-03e64a4e15bc" testId="36538711-0bc1-27ab-ea3a-695f67095ee5" testName="EvilGiraffes.Tests.CompletionRunnerTest.VoidThreeArgTest(initialValue: 644, additionValues: [359, 36, 270])" computerName="DESKTOP-5RCCEB2" duration="00:00:00.0000562" startTime="2022-06-12T21:49:30.5235296+02:00" endTime="2022-06-12T21:49:30.5235296+02:00" testType="13cdc9d9-ddb5-4fa4-a97d-d965ccfc6d4b" outcome="Passed" testListId="8c84fa94-04c1-424b-9868-57a2d4851a1d" relativeResultsDirectory="3d2038b2-547b-447d-8e4a-03e64a4e15bc">
      <Output>
        <StdOut>Initial: 644		Expected: 67144		Actual: 67144</StdOut>
      </Output>
    </UnitTestResult>
    <UnitTestResult executionId="5895da61-69b3-494d-9fde-114910ecda73" testId="1fbc68c9-8ee7-2dd9-aef9-a9de16f7c373" testName="EvilGiraffes.Tests.CompletionRunnerTest.ReturnOneArgTest(initialValue: 911, additionValues: [90, 67, 151])" computerName="DESKTOP-5RCCEB2" duration="00:00:00.0003987" startTime="2022-06-12T21:49:30.5020196+02:00" endTime="2022-06-12T21:49:30.5020196+02:00" testType="13cdc9d9-ddb5-4fa4-a97d-d965ccfc6d4b" outcome="Passed" testListId="8c84fa94-04c1-424b-9868-57a2d4851a1d" relativeResultsDirectory="5895da61-69b3-494d-9fde-114910ecda73">
      <Output>
        <StdOut>Initial: 911		Expected: 1001		Actual: 1001</StdOut>
      </Output>
    </UnitTestResult>
    <UnitTestResult executionId="446a9f86-683e-4836-9441-748d24abd288" testId="3813a4a1-70d0-da97-5093-0c241f02fc4b" testName="EvilGiraffes.Tests.CompletionRunnerTest.ReturnTriesTest(runs: 8)" computerName="DESKTOP-5RCCEB2" duration="00:00:00.0004025" startTime="2022-06-12T21:49:30.5019916+02:00" endTime="2022-06-12T21:49:30.5019916+02:00" testType="13cdc9d9-ddb5-4fa4-a97d-d965ccfc6d4b" outcome="Passed" testListId="8c84fa94-04c1-424b-9868-57a2d4851a1d" relativeResultsDirectory="446a9f86-683e-4836-9441-748d24abd288">
      <Output>
        <StdOut>Initial: 8		Current Tries: 8</StdOut>
      </Output>
    </UnitTestResult>
    <UnitTestResult executionId="d76b1b12-425d-4cf9-854f-aec9405fa1e2" testId="f592ec08-8726-9865-fa31-967d7891f75d" testName="EvilGiraffes.Tests.CompletionRunnerTest.VoidOneArgTest(initialValue: 963, additionValues: [759, 679, 222])" computerName="DESKTOP-5RCCEB2" duration="00:00:00.0036143" startTime="2022-06-12T21:49:30.5013975+02:00" endTime="2022-06-12T21:49:30.5013975+02:00" testType="13cdc9d9-ddb5-4fa4-a97d-d965ccfc6d4b" outcome="Passed" testListId="8c84fa94-04c1-424b-9868-57a2d4851a1d" relativeResultsDirectory="d76b1b12-425d-4cf9-854f-aec9405fa1e2">
      <Output>
        <StdOut>Initial: 963		Expected: 76863		Actual: 76863</StdOut>
      </Output>
    </UnitTestResult>
    <UnitTestResult executionId="2ccb198d-5cce-4865-958b-b5b7ad8f3d22" testId="136773a6-1576-cdae-aae0-cc73a14cf09d" testName="EvilGiraffes.Tests.CompletionRunnerTest.ReturnThreeArgTest(initialValue: 556, additionValues: [650, 72, 9])" computerName="DESKTOP-5RCCEB2" duration="00:00:00.0000635" startTime="2022-06-12T21:49:30.5020410+02:00" endTime="2022-06-12T21:49:30.5020410+02:00" testType="13cdc9d9-ddb5-4fa4-a97d-d965ccfc6d4b" outcome="Passed" testListId="8c84fa94-04c1-424b-9868-57a2d4851a1d" relativeResultsDirectory="2ccb198d-5cce-4865-958b-b5b7ad8f3d22">
      <Output>
        <StdOut>Initial: 556		Expected: 1287		Actual: 1287</StdOut>
      </Output>
    </UnitTestResult>
    <UnitTestResult executionId="131624bf-32b3-416a-b605-c87d1b2411d1" testId="fcf5f5f4-c20b-b704-a98d-19832393fe6f" testName="EvilGiraffes.Tests.Matrix2DTest.ColumnSetterExceptionTest(length: 958, width: 876)" computerName="DESKTOP-5RCCEB2" duration="00:00:00.0072562" startTime="2022-06-12T21:49:30.5236543+02:00" endTime="2022-06-12T21:49:30.5236544+02:00" testType="13cdc9d9-ddb5-4fa4-a97d-d965ccfc6d4b" outcome="Passed" testListId="8c84fa94-04c1-424b-9868-57a2d4851a1d" relativeResultsDirectory="131624bf-32b3-416a-b605-c87d1b2411d1">
      <Output>
        <StdOut>Expected: MatrixOutOfBoundsException		Outputted: MatrixOutOfBoundsException</StdOut>
      </Output>
    </UnitTestResult>
    <UnitTestResult executionId="12600ca2-701d-4ab2-bca2-4c842e970142" testId="d6530aeb-f75d-9777-52d2-c19a7f00c08d" testName="EvilGiraffes.Tests.Matrix2DTest.InitializationFunctionTest(length: 960, width: 333)" computerName="DESKTOP-5RCCEB2" duration="00:00:00.1249332" startTime="2022-06-12T21:49:30.6433775+02:00" endTime="2022-06-12T21:49:30.6433780+02:00" testType="13cdc9d9-ddb5-4fa4-a97d-d965ccfc6d4b" outcome="Passed" testListId="8c84fa94-04c1-424b-9868-57a2d4851a1d" relativeResultsDirectory="12600ca2-701d-4ab2-bca2-4c842e970142" />
    <UnitTestResult executionId="7dc62bba-aa0e-4c7b-956c-2d14ace5dc35" testId="79016e9a-5e7b-efc9-4c18-7c820925f00f" testName="EvilGiraffes.Tests.Matrix2DTest.IndexPointTest(inserted: 150, length: 900, width: 137)" computerName="DESKTOP-5RCCEB2" duration="00:00:00.0011408" startTime="2022-06-12T21:49:30.6467164+02:00" endTime="2022-06-12T21:49:30.6467165+02:00" testType="13cdc9d9-ddb5-4fa4-a97d-d965ccfc6d4b" outcome="Passed" testListId="8c84fa94-04c1-424b-9868-57a2d4851a1d" relativeResultsDirectory="7dc62bba-aa0e-4c7b-956c-2d14ace5dc35">
      <Output>
        <StdOut>Params: Inserted: 150, Length: 900, Width: 137		Internal: X: 120, Y: 432</StdOut>
      </Output>
    </UnitTestResult>
    <UnitTestResult executionId="4ff1e3a1-50da-4921-baa0-07412f63373d" testId="89d548e0-8d79-7914-0e09-6ecdd237601e" testName="EvilGiraffes.Tests.Matrix2DTest.InitializationExceptionTest(length: 44, width: 28)" computerName="DESKTOP-5RCCEB2" duration="00:00:00.0029591" startTime="2022-06-12T21:49:30.4993650+02:00" endTime="2022-06-12T21:49:30.4993784+02:00" testType="13cdc9d9-ddb5-4fa4-a97d-d965ccfc6d4b" outcome="Passed" testListId="8c84fa94-04c1-424b-9868-57a2d4851a1d" relativeResultsDirectory="4ff1e3a1-50da-4921-baa0-07412f63373d">
      <Output>
        <StdOut>Expected: MatrixInitializedException		Outputted: MatrixInitializedException</StdOut>
      </Output>
    </UnitTestResult>
    <UnitTestResult executionId="fd51142f-193f-4597-a46c-7cc579734f2f" testId="c3ce0f4d-e554-0e68-453e-37cdf1fd56ca" testName="EvilGiraffes.Tests.CompletionRunnerTest.ReturnTwoArgTest(initialValue: 591, additionValues: [906, 930, 446])" computerName="DESKTOP-5RCCEB2" duration="00:00:00.0000536" startTime="2022-06-12T21:49:30.5020895+02:00" endTime="2022-06-12T21:49:30.5020895+02:00" testType="13cdc9d9-ddb5-4fa4-a97d-d965ccfc6d4b" outcome="Passed" testListId="8c84fa94-04c1-424b-9868-57a2d4851a1d" relativeResultsDirectory="fd51142f-193f-4597-a46c-7cc579734f2f">
      <Output>
        <StdOut>Initial: 591		Expected: 2427		Actual: 2427</StdOut>
      </Output>
    </UnitTestResult>
    <UnitTestResult executionId="18cc413f-fc5b-4379-929c-ecb15a65e896" testId="2ef123ff-ddd9-5199-7734-c4563da24748" testName="EvilGiraffes.Tests.Matrix2DTest.RowSetterExceptionTest(length: 485, width: 447)" computerName="DESKTOP-5RCCEB2" duration="00:00:00.0024078" startTime="2022-06-12T21:49:30.5236125+02:00" endTime="2022-06-12T21:49:30.5236126+02:00" testType="13cdc9d9-ddb5-4fa4-a97d-d965ccfc6d4b" outcome="Passed" testListId="8c84fa94-04c1-424b-9868-57a2d4851a1d" relativeResultsDirectory="18cc413f-fc5b-4379-929c-ecb15a65e896">
      <Output>
        <StdOut>Expected: MatrixOutOfBoundsException		Outputted: MatrixOutOfBoundsException</StdOut>
      </Output>
    </UnitTestResult>
    <UnitTestResult executionId="ae9020c8-3661-4dfa-84b4-0ca827b3f725" testId="33706c47-fbe8-9b4f-2c1c-d4c1612097b9" testName="EvilGiraffes.Tests.CompletionRunnerTest.VoidTriesTest(runs: 9)" computerName="DESKTOP-5RCCEB2" duration="00:00:00.0002226" startTime="2022-06-12T21:49:30.5018440+02:00" endTime="2022-06-12T21:49:30.5018441+02:00" testType="13cdc9d9-ddb5-4fa4-a97d-d965ccfc6d4b" outcome="Passed" testListId="8c84fa94-04c1-424b-9868-57a2d4851a1d" relativeResultsDirectory="ae9020c8-3661-4dfa-84b4-0ca827b3f725">
      <Output>
        <StdOut>Initial: 9		Current Tries: 9</StdOut>
      </Output>
    </UnitTestResult>
    <UnitTestResult executionId="e6937644-8160-4f34-afdd-8a0356492233" testId="665b5f4a-7cbc-3954-47e9-c921d4942157" testName="EvilGiraffes.Tests.Matrix2DTest.ColumnTest(inserted: 647, length: 695, width: 715)" computerName="DESKTOP-5RCCEB2" duration="00:00:00.0044963" startTime="2022-06-12T21:49:30.6512257+02:00" endTime="2022-06-12T21:49:30.6512257+02:00" testType="13cdc9d9-ddb5-4fa4-a97d-d965ccfc6d4b" outcome="Passed" testListId="8c84fa94-04c1-424b-9868-57a2d4851a1d" relativeResultsDirectory="e6937644-8160-4f34-afdd-8a0356492233" />
    <UnitTestResult executionId="919a3084-3392-417e-b9e8-9ee55b9b8baa" testId="15237ce7-a26e-4d05-b858-6b7def72fed0" testName="EvilGiraffes.Tests.Matrix2DTest.RowOffsetTest(inserted: 540, length: 235, width: 925)" computerName="DESKTOP-5RCCEB2" duration="00:00:00.0021274" startTime="2022-06-12T21:49:30.6455335+02:00" endTime="2022-06-12T21:49:30.6455337+02:00" testType="13cdc9d9-ddb5-4fa4-a97d-d965ccfc6d4b" outcome="Passed" testListId="8c84fa94-04c1-424b-9868-57a2d4851a1d" relativeResultsDirectory="919a3084-3392-417e-b9e8-9ee55b9b8baa" />
    <UnitTestResult executionId="793d57ab-2588-48fc-95ff-eaa24fa4bb0a" testId="4330037c-b927-1b76-d2bd-afca863dbad1" testName="EvilGiraffes.Tests.Matrix2DTest.RowTest(inserted: 675, length: 438, width: 15)" computerName="DESKTOP-5RCCEB2" duration="00:00:00.0032613" startTime="2022-06-12T21:49:30.5237168+02:00" endTime="2022-06-12T21:49:30.5237168+02:00" testType="13cdc9d9-ddb5-4fa4-a97d-d965ccfc6d4b" outcome="Passed" testListId="8c84fa94-04c1-424b-9868-57a2d4851a1d" relativeResultsDirectory="793d57ab-2588-48fc-95ff-eaa24fa4bb0a" />
    <UnitTestResult executionId="b33bbd3e-4171-446a-ba60-8dccef73f7b4" testId="d18c3b33-0047-3ffe-ed7c-65cdd3af7a4f" testName="EvilGiraffes.Tests.CompletionRunnerTest.VoidTwoArgTest(initialValue: 57, additionValues: [997, 900, 850])" computerName="DESKTOP-5RCCEB2" duration="00:00:00.0000605" startTime="2022-06-12T21:49:30.5020694+02:00" endTime="2022-06-12T21:49:30.5020694+02:00" testType="13cdc9d9-ddb5-4fa4-a97d-d965ccfc6d4b" outcome="Passed" testListId="8c84fa94-04c1-424b-9868-57a2d4851a1d" relativeResultsDirectory="b33bbd3e-4171-446a-ba60-8dccef73f7b4">
      <Output>
        <StdOut>Initial: 57		Expected: 189757		Actual: 189757</StdOut>
      </Output>
    </UnitTestResult>
    <UnitTestResult executionId="4bc40dae-0143-4906-b19c-78241c7fe802" testId="e98a91f1-96b3-95a5-28ff-cfad9875b333" testName="EvilGiraffes.Tests.Matrix2DTest.ColumnOffsetTest(inserted: 780, length: 983, width: 723)" computerName="DESKTOP-5RCCEB2" duration="00:00:00.0076080" startTime="2022-06-12T21:49:30.6588891+02:00" endTime="2022-06-12T21:49:30.6588892+02:00" testType="13cdc9d9-ddb5-4fa4-a97d-d965ccfc6d4b" outcome="Passed" testListId="8c84fa94-04c1-424b-9868-57a2d4851a1d" relativeResultsDirectory="4bc40dae-0143-4906-b19c-78241c7fe802" />
  </Results>
  <TestDefinitions>
    <UnitTest name="EvilGiraffes.Tests.CompletionRunnerTest.VoidTriesTest(runs: 9)" storage="d:\programmering\vscodeprojects\evilgiraffesnuget\evilgiraffes.tests\bin\debug\net6.0\evilgiraffes.tests.dll" id="33706c47-fbe8-9b4f-2c1c-d4c1612097b9">
      <Execution id="ae9020c8-3661-4dfa-84b4-0ca827b3f725" />
      <TestMethod codeBase="D:\Programmering\VScodeProjects\EvilGiraffesNuget\EvilGiraffes.Tests\bin\Debug\net6.0\EvilGiraffes.Tests.dll" adapterTypeName="executor://xunit/VsTestRunner2/netcoreapp" className="EvilGiraffes.Tests.CompletionRunnerTest" name="VoidTriesTest" />
    </UnitTest>
    <UnitTest name="EvilGiraffes.Tests.CompletionRunnerTest.ReturnThreeArgTest(initialValue: 556, additionValues: [650, 72, 9])" storage="d:\programmering\vscodeprojects\evilgiraffesnuget\evilgiraffes.tests\bin\debug\net6.0\evilgiraffes.tests.dll" id="136773a6-1576-cdae-aae0-cc73a14cf09d">
      <Execution id="2ccb198d-5cce-4865-958b-b5b7ad8f3d22" />
      <TestMethod codeBase="D:\Programmering\VScodeProjects\EvilGiraffesNuget\EvilGiraffes.Tests\bin\Debug\net6.0\EvilGiraffes.Tests.dll" adapterTypeName="executor://xunit/VsTestRunner2/netcoreapp" className="EvilGiraffes.Tests.CompletionRunnerTest" name="ReturnThreeArgTest" />
    </UnitTest>
    <UnitTest name="EvilGiraffes.Tests.Matrix2DTest.InitializationExceptionTest(length: 44, width: 28)" storage="d:\programmering\vscodeprojects\evilgiraffesnuget\evilgiraffes.tests\bin\debug\net6.0\evilgiraffes.tests.dll" id="89d548e0-8d79-7914-0e09-6ecdd237601e">
      <Execution id="4ff1e3a1-50da-4921-baa0-07412f63373d" />
      <TestMethod codeBase="D:\Programmering\VScodeProjects\EvilGiraffesNuget\EvilGiraffes.Tests\bin\Debug\net6.0\EvilGiraffes.Tests.dll" adapterTypeName="executor://xunit/VsTestRunner2/netcoreapp" className="EvilGiraffes.Tests.Matrix2DTest" name="InitializationExceptionTest" />
    </UnitTest>
    <UnitTest name="EvilGiraffes.Tests.Matrix2DTest.ColumnTest(inserted: 647, length: 695, width: 715)" storage="d:\programmering\vscodeprojects\evilgiraffesnuget\evilgiraffes.tests\bin\debug\net6.0\evilgiraffes.tests.dll" id="665b5f4a-7cbc-3954-47e9-c921d4942157">
      <Execution id="e6937644-8160-4f34-afdd-8a0356492233" />
      <TestMethod codeBase="D:\Programmering\VScodeProjects\EvilGiraffesNuget\EvilGiraffes.Tests\bin\Debug\net6.0\EvilGiraffes.Tests.dll" adapterTypeName="executor://xunit/VsTestRunner2/netcoreapp" className="EvilGiraffes.Tests.Matrix2DTest" name="ColumnTest" />
    </UnitTest>
    <UnitTest name="EvilGiraffes.Tests.CompletionRunnerTest.VoidTwoArgTest(initialValue: 57, additionValues: [997, 900, 850])" storage="d:\programmering\vscodeprojects\evilgiraffesnuget\evilgiraffes.tests\bin\debug\net6.0\evilgiraffes.tests.dll" id="d18c3b33-0047-3ffe-ed7c-65cdd3af7a4f">
      <Execution id="b33bbd3e-4171-446a-ba60-8dccef73f7b4" />
      <TestMethod codeBase="D:\Programmering\VScodeProjects\EvilGiraffesNuget\EvilGiraffes.Tests\bin\Debug\net6.0\EvilGiraffes.Tests.dll" adapterTypeName="executor://xunit/VsTestRunner2/netcoreapp" className="EvilGiraffes.Tests.CompletionRunnerTest" name="VoidTwoArgTest" />
    </UnitTest>
    <UnitTest name="EvilGiraffes.Tests.Matrix2DTest.RowOffsetTest(inserted: 540, length: 235, width: 925)" storage="d:\programmering\vscodeprojects\evilgiraffesnuget\evilgiraffes.tests\bin\debug\net6.0\evilgiraffes.tests.dll" id="15237ce7-a26e-4d05-b858-6b7def72fed0">
      <Execution id="919a3084-3392-417e-b9e8-9ee55b9b8baa" />
      <TestMethod codeBase="D:\Programmering\VScodeProjects\EvilGiraffesNuget\EvilGiraffes.Tests\bin\Debug\net6.0\EvilGiraffes.Tests.dll" adapterTypeName="executor://xunit/VsTestRunner2/netcoreapp" className="EvilGiraffes.Tests.Matrix2DTest" name="RowOffsetTest" />
    </UnitTest>
    <UnitTest name="EvilGiraffes.Tests.Matrix2DTest.ColumnSetterExceptionTest(length: 958, width: 876)" storage="d:\programmering\vscodeprojects\evilgiraffesnuget\evilgiraffes.tests\bin\debug\net6.0\evilgiraffes.tests.dll" id="fcf5f5f4-c20b-b704-a98d-19832393fe6f">
      <Execution id="131624bf-32b3-416a-b605-c87d1b2411d1" />
      <TestMethod codeBase="D:\Programmering\VScodeProjects\EvilGiraffesNuget\EvilGiraffes.Tests\bin\Debug\net6.0\EvilGiraffes.Tests.dll" adapterTypeName="executor://xunit/VsTestRunner2/netcoreapp" className="EvilGiraffes.Tests.Matrix2DTest" name="ColumnSetterExceptionTest" />
    </UnitTest>
    <UnitTest name="EvilGiraffes.Tests.CompletionRunnerTest.ReturnTriesTest(runs: 8)" storage="d:\programmering\vscodeprojects\evilgiraffesnuget\evilgiraffes.tests\bin\debug\net6.0\evilgiraffes.tests.dll" id="3813a4a1-70d0-da97-5093-0c241f02fc4b">
      <Execution id="446a9f86-683e-4836-9441-748d24abd288" />
      <TestMethod codeBase="D:\Programmering\VScodeProjects\EvilGiraffesNuget\EvilGiraffes.Tests\bin\Debug\net6.0\EvilGiraffes.Tests.dll" adapterTypeName="executor://xunit/VsTestRunner2/netcoreapp" className="EvilGiraffes.Tests.CompletionRunnerTest" name="ReturnTriesTest" />
    </UnitTest>
    <UnitTest name="EvilGiraffes.Tests.CompletionRunnerTest.VoidOneArgTest(initialValue: 963, additionValues: [759, 679, 222])" storage="d:\programmering\vscodeprojects\evilgiraffesnuget\evilgiraffes.tests\bin\debug\net6.0\evilgiraffes.tests.dll" id="f592ec08-8726-9865-fa31-967d7891f75d">
      <Execution id="d76b1b12-425d-4cf9-854f-aec9405fa1e2" />
      <TestMethod codeBase="D:\Programmering\VScodeProjects\EvilGiraffesNuget\EvilGiraffes.Tests\bin\Debug\net6.0\EvilGiraffes.Tests.dll" adapterTypeName="executor://xunit/VsTestRunner2/netcoreapp" className="EvilGiraffes.Tests.CompletionRunnerTest" name="VoidOneArgTest" />
    </UnitTest>
    <UnitTest name="EvilGiraffes.Tests.Matrix2DTest.PropertyTest(length: 182, width: 828)" storage="d:\programmering\vscodeprojects\evilgiraffesnuget\evilgiraffes.tests\bin\debug\net6.0\evilgiraffes.tests.dll" id="9a656376-c900-c692-75e3-e599277bed51">
      <Execution id="23e3c21d-b9fc-479c-a6a1-9b4dcde9e230" />
      <TestMethod codeBase="D:\Programmering\VScodeProjects\EvilGiraffesNuget\EvilGiraffes.Tests\bin\Debug\net6.0\EvilGiraffes.Tests.dll" adapterTypeName="executor://xunit/VsTestRunner2/netcoreapp" className="EvilGiraffes.Tests.Matrix2DTest" name="PropertyTest" />
    </UnitTest>
    <UnitTest name="EvilGiraffes.Tests.Matrix2DTest.InitializationFunctionTest(length: 960, width: 333)" storage="d:\programmering\vscodeprojects\evilgiraffesnuget\evilgiraffes.tests\bin\debug\net6.0\evilgiraffes.tests.dll" id="d6530aeb-f75d-9777-52d2-c19a7f00c08d">
      <Execution id="12600ca2-701d-4ab2-bca2-4c842e970142" />
      <TestMethod codeBase="D:\Programmering\VScodeProjects\EvilGiraffesNuget\EvilGiraffes.Tests\bin\Debug\net6.0\EvilGiraffes.Tests.dll" adapterTypeName="executor://xunit/VsTestRunner2/netcoreapp" className="EvilGiraffes.Tests.Matrix2DTest" name="InitializationFunctionTest" />
    </UnitTest>
    <UnitTest name="EvilGiraffes.Tests.CompletionRunnerTest.ReturnTwoArgTest(initialValue: 591, additionValues: [906, 930, 446])" storage="d:\programmering\vscodeprojects\evilgiraffesnuget\evilgiraffes.tests\bin\debug\net6.0\evilgiraffes.tests.dll" id="c3ce0f4d-e554-0e68-453e-37cdf1fd56ca">
      <Execution id="fd51142f-193f-4597-a46c-7cc579734f2f" />
      <TestMethod codeBase="D:\Programmering\VScodeProjects\EvilGiraffesNuget\EvilGiraffes.Tests\bin\Debug\net6.0\EvilGiraffes.Tests.dll" adapterTypeName="executor://xunit/VsTestRunner2/netcoreapp" className="EvilGiraffes.Tests.CompletionRunnerTest" name="ReturnTwoArgTest" />
    </UnitTest>
    <UnitTest name="EvilGiraffes.Tests.CompletionRunnerTest.ReturnOneArgTest(initialValue: 911, additionValues: [90, 67, 151])" storage="d:\programmering\vscodeprojects\evilgiraffesnuget\evilgiraffes.tests\bin\debug\net6.0\evilgiraffes.tests.dll" id="1fbc68c9-8ee7-2dd9-aef9-a9de16f7c373">
      <Execution id="5895da61-69b3-494d-9fde-114910ecda73" />
      <TestMethod codeBase="D:\Programmering\VScodeProjects\EvilGiraffesNuget\EvilGiraffes.Tests\bin\Debug\net6.0\EvilGiraffes.Tests.dll" adapterTypeName="executor://xunit/VsTestRunner2/netcoreapp" className="EvilGiraffes.Tests.CompletionRunnerTest" name="ReturnOneArgTest" />
    </UnitTest>
    <UnitTest name="EvilGiraffes.Tests.Matrix2DTest.RowTest(inserted: 675, length: 438, width: 15)" storage="d:\programmering\vscodeprojects\evilgiraffesnuget\evilgiraffes.tests\bin\debug\net6.0\evilgiraffes.tests.dll" id="4330037c-b927-1b76-d2bd-afca863dbad1">
      <Execution id="793d57ab-2588-48fc-95ff-eaa24fa4bb0a" />
      <TestMethod codeBase="D:\Programmering\VScodeProjects\EvilGiraffesNuget\EvilGiraffes.Tests\bin\Debug\net6.0\EvilGiraffes.Tests.dll" adapterTypeName="executor://xunit/VsTestRunner2/netcoreapp" className="EvilGiraffes.Tests.Matrix2DTest" name="RowTest" />
    </UnitTest>
    <UnitTest name="EvilGiraffes.Tests.Matrix2DTest.RowSetterExceptionTest(length: 485, width: 447)" storage="d:\programmering\vscodeprojects\evilgiraffesnuget\evilgiraffes.tests\bin\debug\net6.0\evilgiraffes.tests.dll" id="2ef123ff-ddd9-5199-7734-c4563da24748">
      <Execution id="18cc413f-fc5b-4379-929c-ecb15a65e896" />
      <TestMethod codeBase="D:\Programmering\VScodeProjects\EvilGiraffesNuget\EvilGiraffes.Tests\bin\Debug\net6.0\EvilGiraffes.Tests.dll" adapterTypeName="executor://xunit/VsTestRunner2/netcoreapp" className="EvilGiraffes.Tests.Matrix2DTest" name="RowSetterExceptionTest" />
    </UnitTest>
    <UnitTest name="EvilGiraffes.Tests.CompletionRunnerTest.VoidThreeArgTest(initialValue: 644, additionValues: [359, 36, 270])" storage="d:\programmering\vscodeprojects\evilgiraffesnuget\evilgiraffes.tests\bin\debug\net6.0\evilgiraffes.tests.dll" id="36538711-0bc1-27ab-ea3a-695f67095ee5">
      <Execution id="3d2038b2-547b-447d-8e4a-03e64a4e15bc" />
      <TestMethod codeBase="D:\Programmering\VScodeProjects\EvilGiraffesNuget\EvilGiraffes.Tests\bin\Debug\net6.0\EvilGiraffes.Tests.dll" adapterTypeName="executor://xunit/VsTestRunner2/netcoreapp" className="EvilGiraffes.Tests.CompletionRunnerTest" name="VoidThreeArgTest" />
    </UnitTest>
    <UnitTest name="EvilGiraffes.Tests.Matrix2DTest.IndexIntTest(inserted: 539, length: 901, width: 109)" storage="d:\programmering\vscodeprojects\evilgiraffesnuget\evilgiraffes.tests\bin\debug\net6.0\evilgiraffes.tests.dll" id="6bb8d5cd-3791-9de0-2292-5754aacdce09">
      <Execution id="8597b714-047b-4b69-bbc2-899192ecaddb" />
      <TestMethod codeBase="D:\Programmering\VScodeProjects\EvilGiraffesNuget\EvilGiraffes.Tests\bin\Debug\net6.0\EvilGiraffes.Tests.dll" adapterTypeName="executor://xunit/VsTestRunner2/netcoreapp" className="EvilGiraffes.Tests.Matrix2DTest" name="IndexIntTest" />
    </UnitTest>
    <UnitTest name="EvilGiraffes.Tests.Matrix2DTest.ColumnOffsetTest(inserted: 780, length: 983, width: 723)" storage="d:\programmering\vscodeprojects\evilgiraffesnuget\evilgiraffes.tests\bin\debug\net6.0\evilgiraffes.tests.dll" id="e98a91f1-96b3-95a5-28ff-cfad9875b333">
      <Execution id="4bc40dae-0143-4906-b19c-78241c7fe802" />
      <TestMethod codeBase="D:\Programmering\VScodeProjects\EvilGiraffesNuget\EvilGiraffes.Tests\bin\Debug\net6.0\EvilGiraffes.Tests.dll" adapterTypeName="executor://xunit/VsTestRunner2/netcoreapp" className="EvilGiraffes.Tests.Matrix2DTest" name="ColumnOffsetTest" />
    </UnitTest>
    <UnitTest name="EvilGiraffes.Tests.Matrix2DTest.IndexPointTest(inserted: 150, length: 900, width: 137)" storage="d:\programmering\vscodeprojects\evilgiraffesnuget\evilgiraffes.tests\bin\debug\net6.0\evilgiraffes.tests.dll" id="79016e9a-5e7b-efc9-4c18-7c820925f00f">
      <Execution id="7dc62bba-aa0e-4c7b-956c-2d14ace5dc35" />
      <TestMethod codeBase="D:\Programmering\VScodeProjects\EvilGiraffesNuget\EvilGiraffes.Tests\bin\Debug\net6.0\EvilGiraffes.Tests.dll" adapterTypeName="executor://xunit/VsTestRunner2/netcoreapp" className="EvilGiraffes.Tests.Matrix2DTest" name="IndexPointTest" />
    </UnitTest>
  </TestDefinitions>
  <TestEntries>
    <TestEntry testId="6bb8d5cd-3791-9de0-2292-5754aacdce09" executionId="8597b714-047b-4b69-bbc2-899192ecaddb" testListId="8c84fa94-04c1-424b-9868-57a2d4851a1d" />
    <TestEntry testId="9a656376-c900-c692-75e3-e599277bed51" executionId="23e3c21d-b9fc-479c-a6a1-9b4dcde9e230" testListId="8c84fa94-04c1-424b-9868-57a2d4851a1d" />
    <TestEntry testId="36538711-0bc1-27ab-ea3a-695f67095ee5" executionId="3d2038b2-547b-447d-8e4a-03e64a4e15bc" testListId="8c84fa94-04c1-424b-9868-57a2d4851a1d" />
    <TestEntry testId="1fbc68c9-8ee7-2dd9-aef9-a9de16f7c373" executionId="5895da61-69b3-494d-9fde-114910ecda73" testListId="8c84fa94-04c1-424b-9868-57a2d4851a1d" />
    <TestEntry testId="3813a4a1-70d0-da97-5093-0c241f02fc4b" executionId="446a9f86-683e-4836-9441-748d24abd288" testListId="8c84fa94-04c1-424b-9868-57a2d4851a1d" />
    <TestEntry testId="f592ec08-8726-9865-fa31-967d7891f75d" executionId="d76b1b12-425d-4cf9-854f-aec9405fa1e2" testListId="8c84fa94-04c1-424b-9868-57a2d4851a1d" />
    <TestEntry testId="136773a6-1576-cdae-aae0-cc73a14cf09d" executionId="2ccb198d-5cce-4865-958b-b5b7ad8f3d22" testListId="8c84fa94-04c1-424b-9868-57a2d4851a1d" />
    <TestEntry testId="fcf5f5f4-c20b-b704-a98d-19832393fe6f" executionId="131624bf-32b3-416a-b605-c87d1b2411d1" testListId="8c84fa94-04c1-424b-9868-57a2d4851a1d" />
    <TestEntry testId="d6530aeb-f75d-9777-52d2-c19a7f00c08d" executionId="12600ca2-701d-4ab2-bca2-4c842e970142" testListId="8c84fa94-04c1-424b-9868-57a2d4851a1d" />
    <TestEntry testId="79016e9a-5e7b-efc9-4c18-7c820925f00f" executionId="7dc62bba-aa0e-4c7b-956c-2d14ace5dc35" testListId="8c84fa94-04c1-424b-9868-57a2d4851a1d" />
    <TestEntry testId="89d548e0-8d79-7914-0e09-6ecdd237601e" executionId="4ff1e3a1-50da-4921-baa0-07412f63373d" testListId="8c84fa94-04c1-424b-9868-57a2d4851a1d" />
    <TestEntry testId="c3ce0f4d-e554-0e68-453e-37cdf1fd56ca" executionId="fd51142f-193f-4597-a46c-7cc579734f2f" testListId="8c84fa94-04c1-424b-9868-57a2d4851a1d" />
    <TestEntry testId="2ef123ff-ddd9-5199-7734-c4563da24748" executionId="18cc413f-fc5b-4379-929c-ecb15a65e896" testListId="8c84fa94-04c1-424b-9868-57a2d4851a1d" />
    <TestEntry testId="33706c47-fbe8-9b4f-2c1c-d4c1612097b9" executionId="ae9020c8-3661-4dfa-84b4-0ca827b3f725" testListId="8c84fa94-04c1-424b-9868-57a2d4851a1d" />
    <TestEntry testId="665b5f4a-7cbc-3954-47e9-c921d4942157" executionId="e6937644-8160-4f34-afdd-8a0356492233" testListId="8c84fa94-04c1-424b-9868-57a2d4851a1d" />
    <TestEntry testId="15237ce7-a26e-4d05-b858-6b7def72fed0" executionId="919a3084-3392-417e-b9e8-9ee55b9b8baa" testListId="8c84fa94-04c1-424b-9868-57a2d4851a1d" />
    <TestEntry testId="4330037c-b927-1b76-d2bd-afca863dbad1" executionId="793d57ab-2588-48fc-95ff-eaa24fa4bb0a" testListId="8c84fa94-04c1-424b-9868-57a2d4851a1d" />
    <TestEntry testId="d18c3b33-0047-3ffe-ed7c-65cdd3af7a4f" executionId="b33bbd3e-4171-446a-ba60-8dccef73f7b4" testListId="8c84fa94-04c1-424b-9868-57a2d4851a1d" />
    <TestEntry testId="e98a91f1-96b3-95a5-28ff-cfad9875b333" executionId="4bc40dae-0143-4906-b19c-78241c7fe802" testListId="8c84fa94-04c1-424b-9868-57a2d4851a1d" />
  </TestEntries>
  <TestLists>
    <TestList name="Results Not in a List" id="8c84fa94-04c1-424b-9868-57a2d4851a1d" />
    <TestList name="All Loaded Results" id="19431567-8539-422a-85d7-44ee4e166bda" />
  </TestLists>
  <ResultSummary outcome="Completed">
    <Counters total="19" executed="19" passed="19" failed="0" error="0" timeout="0" aborted="0" inconclusive="0" passedButRunAborted="0" notRunnable="0" notExecuted="0" disconnected="0" warning="0" completed="0" inProgress="0" pending="0" />
    <Output>
      <StdOut>[xUnit.net 00:00:00.00] xUnit.net VSTest Adapter v2.4.5+1caef2f33e (64-bit .NET 6.0.3)&#xD;
[xUnit.net 00:00:00.22]   Discovering: EvilGiraffes.Tests&#xD;
[xUnit.net 00:00:00.25]   Discovered:  EvilGiraffes.Tests&#xD;
[xUnit.net 00:00:00.25]   Starting:    EvilGiraffes.Tests&#xD;
[xUnit.net 00:00:00.45]   Finished:    EvilGiraffes.Tests&#xD;
</StdOut>
    </Output>
  </ResultSummary>
</TestRun>