<?xml version="1.0" encoding="utf-8"?>
<TestRun id="fbd9b17a-856a-492d-bb78-22493a0dd517" name="Thomas@DESKTOP-5RCCEB2 2022-06-12 21:52:17" runUser="DESKTOP-5RCCEB2\Thomas" xmlns="http://microsoft.com/schemas/VisualStudio/TeamTest/2010">
  <Times creation="2022-06-12T21:52:17.4945678+02:00" queuing="2022-06-12T21:52:17.4945679+02:00" start="2022-06-12T21:52:16.8348550+02:00" finish="2022-06-12T21:52:17.5295276+02:00" />
  <TestSettings name="default" id="2ba18e8f-6f98-4634-b11b-a508be02b98f">
    <Deployment runDeploymentRoot="Thomas_DESKTOP-5RCCEB2_2022-06-12_21_52_17" />
  </TestSettings>
  <Results>
    <UnitTestResult executionId="9daaf6b2-2f20-45cf-9726-3167cd0fab2f" testId="8cdaa33c-b1a2-72c7-c8e5-734b69bc0818" testName="EvilGiraffes.Tests.Matrix2DTest.ColumnSetterExceptionTest(length: 662, width: 715)" computerName="DESKTOP-5RCCEB2" duration="00:00:00.0040846" startTime="2022-06-12T21:52:17.4746151+02:00" endTime="2022-06-12T21:52:17.4746152+02:00" testType="13cdc9d9-ddb5-4fa4-a97d-d965ccfc6d4b" outcome="Passed" testListId="8c84fa94-04c1-424b-9868-57a2d4851a1d" relativeResultsDirectory="9daaf6b2-2f20-45cf-9726-3167cd0fab2f">
      <Output>
        <StdOut>Expected: MatrixOutOfBoundsException		Outputted: MatrixOutOfBoundsException</StdOut>
      </Output>
    </UnitTestResult>
    <UnitTestResult executionId="31ecd499-ae51-445c-8e7a-d59867f694e8" testId="08eafddc-71fe-f94f-2545-0492d11c3809" testName="EvilGiraffes.Tests.CompletionRunnerTest.VoidOneArgTest(initialValue: 383, additionValues: [553, 418, 693])" computerName="DESKTOP-5RCCEB2" duration="00:00:00.0000508" startTime="2022-06-12T21:52:17.4491262+02:00" endTime="2022-06-12T21:52:17.4491262+02:00" testType="13cdc9d9-ddb5-4fa4-a97d-d965ccfc6d4b" outcome="Passed" testListId="8c84fa94-04c1-424b-9868-57a2d4851a1d" relativeResultsDirectory="31ecd499-ae51-445c-8e7a-d59867f694e8">
      <Output>
        <StdOut>Initial: 383		Expected: 55683		Actual: 55683</StdOut>
      </Output>
    </UnitTestResult>
    <UnitTestResult executionId="2d251ae8-5253-409e-b76e-bad533ef38a0" testId="a68aa26c-a82b-bc78-2eaa-a6a29d590743" testName="EvilGiraffes.Tests.Matrix2DTest.RowTest(inserted: 167, length: 223, width: 510)" computerName="DESKTOP-5RCCEB2" duration="00:00:00.0057696" startTime="2022-06-12T21:52:17.4489352+02:00" endTime="2022-06-12T21:52:17.4489353+02:00" testType="13cdc9d9-ddb5-4fa4-a97d-d965ccfc6d4b" outcome="Passed" testListId="8c84fa94-04c1-424b-9868-57a2d4851a1d" relativeResultsDirectory="2d251ae8-5253-409e-b76e-bad533ef38a0" />
    <UnitTestResult executionId="bd0aec79-c7a3-4498-939b-4eae030fec20" testId="75eb7fa9-dbdb-207f-7ab2-9416fa8edf8e" testName="EvilGiraffes.Tests.CompletionRunnerTest.ReturnThreeArgTest(initialValue: 750, additionValues: [842, 789, 393])" computerName="DESKTOP-5RCCEB2" duration="00:00:00.0000688" startTime="2022-06-12T21:52:17.4491726+02:00" endTime="2022-06-12T21:52:17.4491726+02:00" testType="13cdc9d9-ddb5-4fa4-a97d-d965ccfc6d4b" outcome="Passed" testListId="8c84fa94-04c1-424b-9868-57a2d4851a1d" relativeResultsDirectory="bd0aec79-c7a3-4498-939b-4eae030fec20">
      <Output>
        <StdOut>Initial: 750		Expected: 2774		Actual: 2774</StdOut>
      </Output>
    </UnitTestResult>
    <UnitTestResult executionId="97efe1e9-db9b-4ca7-91a7-2b316dae0085" testId="98282100-fddc-a099-86db-8e2b8da35c2c" testName="EvilGiraffes.Tests.Matrix2DTest.ColumnTest(inserted: 204, length: 154, width: 702)" computerName="DESKTOP-5RCCEB2" duration="00:00:00.0009976" startTime="2022-06-12T21:52:17.4802844+02:00" endTime="2022-06-12T21:52:17.4802845+02:00" testType="13cdc9d9-ddb5-4fa4-a97d-d965ccfc6d4b" outcome="Passed" testListId="8c84fa94-04c1-424b-9868-57a2d4851a1d" relativeResultsDirectory="97efe1e9-db9b-4ca7-91a7-2b316dae0085" />
    <UnitTestResult executionId="247c7057-59ec-4f54-8623-6e274fee72d4" testId="74cc0d53-cb25-6ea5-79b7-f27a562641ac" testName="EvilGiraffes.Tests.CompletionRunnerTest.ReturnTwoArgTest(initialValue: 611, additionValues: [283, 995, 808])" computerName="DESKTOP-5RCCEB2" duration="00:00:00.0004554" startTime="2022-06-12T21:52:17.4490530+02:00" endTime="2022-06-12T21:52:17.4490531+02:00" testType="13cdc9d9-ddb5-4fa4-a97d-d965ccfc6d4b" outcome="Passed" testListId="8c84fa94-04c1-424b-9868-57a2d4851a1d" relativeResultsDirectory="247c7057-59ec-4f54-8623-6e274fee72d4">
      <Output>
        <StdOut>Initial: 611		Expected: 1889		Actual: 1889</StdOut>
      </Output>
    </UnitTestResult>
    <UnitTestResult executionId="5f4b7c52-f32b-4e4b-920b-e657b443c89e" testId="8f9e0656-720a-a302-c13d-cff3d18c7723" testName="EvilGiraffes.Tests.CompletionRunnerTest.VoidThreeArgTest(initialValue: 356, additionValues: [942, 998, 19])" computerName="DESKTOP-5RCCEB2" duration="00:00:00.0000646" startTime="2022-06-12T21:52:17.4491058+02:00" endTime="2022-06-12T21:52:17.4491058+02:00" testType="13cdc9d9-ddb5-4fa4-a97d-d965ccfc6d4b" outcome="Passed" testListId="8c84fa94-04c1-424b-9868-57a2d4851a1d" relativeResultsDirectory="5f4b7c52-f32b-4e4b-920b-e657b443c89e">
      <Output>
        <StdOut>Initial: 356		Expected: 196256		Actual: 196256</StdOut>
      </Output>
    </UnitTestResult>
    <UnitTestResult executionId="cfe25db7-bc0e-4df9-a045-710682d154c5" testId="83c8cfaa-4845-d78e-3666-761cb04a933f" testName="EvilGiraffes.Tests.Matrix2DTest.InitializationExceptionTest(length: 501, width: 801)" computerName="DESKTOP-5RCCEB2" duration="00:00:00.0046120" startTime="2022-06-12T21:52:17.4792787+02:00" endTime="2022-06-12T21:52:17.4792788+02:00" testType="13cdc9d9-ddb5-4fa4-a97d-d965ccfc6d4b" outcome="Passed" testListId="8c84fa94-04c1-424b-9868-57a2d4851a1d" relativeResultsDirectory="cfe25db7-bc0e-4df9-a045-710682d154c5">
      <Output>
        <StdOut>Expected: MatrixInitializedException		Outputted: MatrixInitializedException</StdOut>
      </Output>
    </UnitTestResult>
    <UnitTestResult executionId="f1f11ff0-2658-4cc1-92dd-d225d7747e2a" testId="33706c47-fbe8-9b4f-2c1c-d4c1612097b9" testName="EvilGiraffes.Tests.CompletionRunnerTest.VoidTriesTest(runs: 9)" computerName="DESKTOP-5RCCEB2" duration="00:00:00.0002046" startTime="2022-06-12T21:52:17.4490788+02:00" endTime="2022-06-12T21:52:17.4490788+02:00" testType="13cdc9d9-ddb5-4fa4-a97d-d965ccfc6d4b" outcome="Passed" testListId="8c84fa94-04c1-424b-9868-57a2d4851a1d" relativeResultsDirectory="f1f11ff0-2658-4cc1-92dd-d225d7747e2a">
      <Output>
        <StdOut>Initial: 9		Current Tries: 9</StdOut>
      </Output>
    </UnitTestResult>
    <UnitTestResult executionId="5fe35f20-885f-4bf2-9db1-45d5f5a8159d" testId="64473a0d-7fff-33aa-a8d7-5ac6d994b02f" testName="EvilGiraffes.Tests.Matrix2DTest.ColumnOffsetTest(inserted: 374, length: 387, width: 657)" computerName="DESKTOP-5RCCEB2" duration="00:00:00.0024210" startTime="2022-06-12T21:52:17.4827310+02:00" endTime="2022-06-12T21:52:17.4827311+02:00" testType="13cdc9d9-ddb5-4fa4-a97d-d965ccfc6d4b" outcome="Passed" testListId="8c84fa94-04c1-424b-9868-57a2d4851a1d" relativeResultsDirectory="5fe35f20-885f-4bf2-9db1-45d5f5a8159d" />
    <UnitTestResult executionId="cd5ed047-4045-4c7a-a9b6-a04af6298209" testId="885c7d5d-048a-da36-02bb-6e9dd43eb743" testName="EvilGiraffes.Tests.CompletionRunnerTest.ReturnTriesTest(runs: 6)" computerName="DESKTOP-5RCCEB2" duration="00:00:00.0004258" startTime="2022-06-12T21:52:17.4742735+02:00" endTime="2022-06-12T21:52:17.4742735+02:00" testType="13cdc9d9-ddb5-4fa4-a97d-d965ccfc6d4b" outcome="Passed" testListId="8c84fa94-04c1-424b-9868-57a2d4851a1d" relativeResultsDirectory="cd5ed047-4045-4c7a-a9b6-a04af6298209">
      <Output>
        <StdOut>Initial: 6		Current Tries: 6</StdOut>
      </Output>
    </UnitTestResult>
    <UnitTestResult executionId="78c151d7-c99d-4e6c-bbf7-87424a84b9f5" testId="dc3f5e58-f38f-5d58-7bb8-a25e4ec4ecc2" testName="EvilGiraffes.Tests.Matrix2DTest.InitializationFunctionTest(length: 119, width: 62)" computerName="DESKTOP-5RCCEB2" duration="00:00:00.0049253" startTime="2022-06-12T21:52:17.4884907+02:00" endTime="2022-06-12T21:52:17.4884908+02:00" testType="13cdc9d9-ddb5-4fa4-a97d-d965ccfc6d4b" outcome="Passed" testListId="8c84fa94-04c1-424b-9868-57a2d4851a1d" relativeResultsDirectory="78c151d7-c99d-4e6c-bbf7-87424a84b9f5" />
    <UnitTestResult executionId="00acfded-6be1-4f87-935a-05d2e99e9011" testId="aea45d15-e3be-65bf-3787-5b59c4752ec8" testName="EvilGiraffes.Tests.Matrix2DTest.RowSetterExceptionTest(length: 842, width: 769)" computerName="DESKTOP-5RCCEB2" duration="00:00:00.0061405" startTime="2022-06-12T21:52:17.4743702+02:00" endTime="2022-06-12T21:52:17.4743702+02:00" testType="13cdc9d9-ddb5-4fa4-a97d-d965ccfc6d4b" outcome="Passed" testListId="8c84fa94-04c1-424b-9868-57a2d4851a1d" relativeResultsDirectory="00acfded-6be1-4f87-935a-05d2e99e9011">
      <Output>
        <StdOut>Expected: MatrixOutOfBoundsException		Outputted: MatrixOutOfBoundsException</StdOut>
      </Output>
    </UnitTestResult>
    <UnitTestResult executionId="b6fed7d9-7953-435f-9080-9480dcd840fc" testId="a110d97a-a456-6c98-aeba-aec6d29bf108" testName="EvilGiraffes.Tests.CompletionRunnerTest.VoidTwoArgTest(initialValue: 764, additionValues: [743, 460, 652])" computerName="DESKTOP-5RCCEB2" duration="00:00:00.0041241" startTime="2022-06-12T21:52:17.4464254+02:00" endTime="2022-06-12T21:52:17.4464386+02:00" testType="13cdc9d9-ddb5-4fa4-a97d-d965ccfc6d4b" outcome="Passed" testListId="8c84fa94-04c1-424b-9868-57a2d4851a1d" relativeResultsDirectory="b6fed7d9-7953-435f-9080-9480dcd840fc">
      <Output>
        <StdOut>Initial: 764		Expected: 121064		Actual: 121064</StdOut>
      </Output>
    </UnitTestResult>
    <UnitTestResult executionId="27d2fe9d-65fd-4c50-bf03-8ed532e01b5e" testId="f280ae12-f628-6b91-8187-d1a70540a62a" testName="EvilGiraffes.Tests.Matrix2DTest.IndexPointTest(inserted: 530, length: 911, width: 884)" computerName="DESKTOP-5RCCEB2" duration="00:00:00.0122691" startTime="2022-06-12T21:52:17.4743943+02:00" endTime="2022-06-12T21:52:17.4743943+02:00" testType="13cdc9d9-ddb5-4fa4-a97d-d965ccfc6d4b" outcome="Passed" testListId="8c84fa94-04c1-424b-9868-57a2d4851a1d" relativeResultsDirectory="27d2fe9d-65fd-4c50-bf03-8ed532e01b5e">
      <Output>
        <StdOut>Params: Inserted: 530, Length: 911, Width: 884		Internal: X: 718, Y: 318</StdOut>
      </Output>
    </UnitTestResult>
    <UnitTestResult executionId="2f420aef-4740-49b8-9e60-ede0445b526f" testId="fc4ab83f-c86f-9307-163f-37385f97bc8e" testName="EvilGiraffes.Tests.Matrix2DTest.IndexIntTest(inserted: 678, length: 831, width: 197)" computerName="DESKTOP-5RCCEB2" duration="00:00:00.0035491" startTime="2022-06-12T21:52:17.4744158+02:00" endTime="2022-06-12T21:52:17.4744158+02:00" testType="13cdc9d9-ddb5-4fa4-a97d-d965ccfc6d4b" outcome="Passed" testListId="8c84fa94-04c1-424b-9868-57a2d4851a1d" relativeResultsDirectory="2f420aef-4740-49b8-9e60-ede0445b526f">
      <Output>
        <StdOut>Params: Inserted: 678, Length: 831, Width: 197		Internal: X: 169, Y: 736</StdOut>
      </Output>
    </UnitTestResult>
    <UnitTestResult executionId="bffd7d36-959e-4828-a8cf-ad4707f717da" testId="f225fc5a-e678-af65-5fdc-408994301373" testName="EvilGiraffes.Tests.CompletionRunnerTest.ReturnOneArgTest(initialValue: 262, additionValues: [492, 303, 891])" computerName="DESKTOP-5RCCEB2" duration="00:00:00.0000527" startTime="2022-06-12T21:52:17.4491524+02:00" endTime="2022-06-12T21:52:17.4491524+02:00" testType="13cdc9d9-ddb5-4fa4-a97d-d965ccfc6d4b" outcome="Passed" testListId="8c84fa94-04c1-424b-9868-57a2d4851a1d" relativeResultsDirectory="bffd7d36-959e-4828-a8cf-ad4707f717da">
      <Output>
        <StdOut>Initial: 262		Expected: 754		Actual: 754</StdOut>
      </Output>
    </UnitTestResult>
    <UnitTestResult executionId="aba80c52-76d8-4ef9-b106-e8cfa7bfb235" testId="152c6a4b-2115-7d0b-2ced-a412b39fb92a" testName="EvilGiraffes.Tests.Matrix2DTest.RowOffsetTest(inserted: 748, length: 89, width: 888)" computerName="DESKTOP-5RCCEB2" duration="00:00:00.0007779" startTime="2022-06-12T21:52:17.4835322+02:00" endTime="2022-06-12T21:52:17.4835323+02:00" testType="13cdc9d9-ddb5-4fa4-a97d-d965ccfc6d4b" outcome="Passed" testListId="8c84fa94-04c1-424b-9868-57a2d4851a1d" relativeResultsDirectory="aba80c52-76d8-4ef9-b106-e8cfa7bfb235" />
    <UnitTestResult executionId="f50aca6e-c344-42f2-983d-532ceede0cf0" testId="de9d7d69-5b43-5340-1b1c-b7932c1363de" testName="EvilGiraffes.Tests.Matrix2DTest.PropertyTest(length: 456, width: 639)" computerName="DESKTOP-5RCCEB2" duration="00:00:00.0026524" startTime="2022-06-12T21:52:17.4744373+02:00" endTime="2022-06-12T21:52:17.4744373+02:00" testType="13cdc9d9-ddb5-4fa4-a97d-d965ccfc6d4b" outcome="Passed" testListId="8c84fa94-04c1-424b-9868-57a2d4851a1d" relativeResultsDirectory="f50aca6e-c344-42f2-983d-532ceede0cf0">
      <Output>
        <StdOut>Matrix: Length: 456, Width: 639, Count: 291384		Expected: Lenght: 456, Width: 639, Count: 291384</StdOut>
      </Output>
    </UnitTestResult>
  </Results>
  <TestDefinitions>
    <UnitTest name="EvilGiraffes.Tests.Matrix2DTest.RowSetterExceptionTest(length: 842, width: 769)" storage="d:\programmering\vscodeprojects\evilgiraffesnuget\evilgiraffes.tests\bin\debug\net6.0\evilgiraffes.tests.dll" id="aea45d15-e3be-65bf-3787-5b59c4752ec8">
      <Execution id="00acfded-6be1-4f87-935a-05d2e99e9011" />
      <TestMethod codeBase="D:\Programmering\VScodeProjects\EvilGiraffesNuget\EvilGiraffes.Tests\bin\Debug\net6.0\EvilGiraffes.Tests.dll" adapterTypeName="executor://xunit/VsTestRunner2/netcoreapp" className="EvilGiraffes.Tests.Matrix2DTest" name="RowSetterExceptionTest" />
    </UnitTest>
    <UnitTest name="EvilGiraffes.Tests.Matrix2DTest.RowTest(inserted: 167, length: 223, width: 510)" storage="d:\programmering\vscodeprojects\evilgiraffesnuget\evilgiraffes.tests\bin\debug\net6.0\evilgiraffes.tests.dll" id="a68aa26c-a82b-bc78-2eaa-a6a29d590743">
      <Execution id="2d251ae8-5253-409e-b76e-bad533ef38a0" />
      <TestMethod codeBase="D:\Programmering\VScodeProjects\EvilGiraffesNuget\EvilGiraffes.Tests\bin\Debug\net6.0\EvilGiraffes.Tests.dll" adapterTypeName="executor://xunit/VsTestRunner2/netcoreapp" className="EvilGiraffes.Tests.Matrix2DTest" name="RowTest" />
    </UnitTest>
    <UnitTest name="EvilGiraffes.Tests.Matrix2DTest.IndexPointTest(inserted: 530, length: 911, width: 884)" storage="d:\programmering\vscodeprojects\evilgiraffesnuget\evilgiraffes.tests\bin\debug\net6.0\evilgiraffes.tests.dll" id="f280ae12-f628-6b91-8187-d1a70540a62a">
      <Execution id="27d2fe9d-65fd-4c50-bf03-8ed532e01b5e" />
      <TestMethod codeBase="D:\Programmering\VScodeProjects\EvilGiraffesNuget\EvilGiraffes.Tests\bin\Debug\net6.0\EvilGiraffes.Tests.dll" adapterTypeName="executor://xunit/VsTestRunner2/netcoreapp" className="EvilGiraffes.Tests.Matrix2DTest" name="IndexPointTest" />
    </UnitTest>
    <UnitTest name="EvilGiraffes.Tests.Matrix2DTest.ColumnTest(inserted: 204, length: 154, width: 702)" storage="d:\programmering\vscodeprojects\evilgiraffesnuget\evilgiraffes.tests\bin\debug\net6.0\evilgiraffes.tests.dll" id="98282100-fddc-a099-86db-8e2b8da35c2c">
      <Execution id="97efe1e9-db9b-4ca7-91a7-2b316dae0085" />
      <TestMethod codeBase="D:\Programmering\VScodeProjects\EvilGiraffesNuget\EvilGiraffes.Tests\bin\Debug\net6.0\EvilGiraffes.Tests.dll" adapterTypeName="executor://xunit/VsTestRunner2/netcoreapp" className="EvilGiraffes.Tests.Matrix2DTest" name="ColumnTest" />
    </UnitTest>
    <UnitTest name="EvilGiraffes.Tests.Matrix2DTest.PropertyTest(length: 456, width: 639)" storage="d:\programmering\vscodeprojects\evilgiraffesnuget\evilgiraffes.tests\bin\debug\net6.0\evilgiraffes.tests.dll" id="de9d7d69-5b43-5340-1b1c-b7932c1363de">
      <Execution id="f50aca6e-c344-42f2-983d-532ceede0cf0" />
      <TestMethod codeBase="D:\Programmering\VScodeProjects\EvilGiraffesNuget\EvilGiraffes.Tests\bin\Debug\net6.0\EvilGiraffes.Tests.dll" adapterTypeName="executor://xunit/VsTestRunner2/netcoreapp" className="EvilGiraffes.Tests.Matrix2DTest" name="PropertyTest" />
    </UnitTest>
    <UnitTest name="EvilGiraffes.Tests.CompletionRunnerTest.ReturnThreeArgTest(initialValue: 750, additionValues: [842, 789, 393])" storage="d:\programmering\vscodeprojects\evilgiraffesnuget\evilgiraffes.tests\bin\debug\net6.0\evilgiraffes.tests.dll" id="75eb7fa9-dbdb-207f-7ab2-9416fa8edf8e">
      <Execution id="bd0aec79-c7a3-4498-939b-4eae030fec20" />
      <TestMethod codeBase="D:\Programmering\VScodeProjects\EvilGiraffesNuget\EvilGiraffes.Tests\bin\Debug\net6.0\EvilGiraffes.Tests.dll" adapterTypeName="executor://xunit/VsTestRunner2/netcoreapp" className="EvilGiraffes.Tests.CompletionRunnerTest" name="ReturnThreeArgTest" />
    </UnitTest>
    <UnitTest name="EvilGiraffes.Tests.Matrix2DTest.ColumnSetterExceptionTest(length: 662, width: 715)" storage="d:\programmering\vscodeprojects\evilgiraffesnuget\evilgiraffes.tests\bin\debug\net6.0\evilgiraffes.tests.dll" id="8cdaa33c-b1a2-72c7-c8e5-734b69bc0818">
      <Execution id="9daaf6b2-2f20-45cf-9726-3167cd0fab2f" />
      <TestMethod codeBase="D:\Programmering\VScodeProjects\EvilGiraffesNuget\EvilGiraffes.Tests\bin\Debug\net6.0\EvilGiraffes.Tests.dll" adapterTypeName="executor://xunit/VsTestRunner2/netcoreapp" className="EvilGiraffes.Tests.Matrix2DTest" name="ColumnSetterExceptionTest" />
    </UnitTest>
    <UnitTest name="EvilGiraffes.Tests.Matrix2DTest.ColumnOffsetTest(inserted: 374, length: 387, width: 657)" storage="d:\programmering\vscodeprojects\evilgiraffesnuget\evilgiraffes.tests\bin\debug\net6.0\evilgiraffes.tests.dll" id="64473a0d-7fff-33aa-a8d7-5ac6d994b02f">
      <Execution id="5fe35f20-885f-4bf2-9db1-45d5f5a8159d" />
      <TestMethod codeBase="D:\Programmering\VScodeProjects\EvilGiraffesNuget\EvilGiraffes.Tests\bin\Debug\net6.0\EvilGiraffes.Tests.dll" adapterTypeName="executor://xunit/VsTestRunner2/netcoreapp" className="EvilGiraffes.Tests.Matrix2DTest" name="ColumnOffsetTest" />
    </UnitTest>
    <UnitTest name="EvilGiraffes.Tests.Matrix2DTest.IndexIntTest(inserted: 678, length: 831, width: 197)" storage="d:\programmering\vscodeprojects\evilgiraffesnuget\evilgiraffes.tests\bin\debug\net6.0\evilgiraffes.tests.dll" id="fc4ab83f-c86f-9307-163f-37385f97bc8e">
      <Execution id="2f420aef-4740-49b8-9e60-ede0445b526f" />
      <TestMethod codeBase="D:\Programmering\VScodeProjects\EvilGiraffesNuget\EvilGiraffes.Tests\bin\Debug\net6.0\EvilGiraffes.Tests.dll" adapterTypeName="executor://xunit/VsTestRunner2/netcoreapp" className="EvilGiraffes.Tests.Matrix2DTest" name="IndexIntTest" />
    </UnitTest>
    <UnitTest name="EvilGiraffes.Tests.CompletionRunnerTest.ReturnOneArgTest(initialValue: 262, additionValues: [492, 303, 891])" storage="d:\programmering\vscodeprojects\evilgiraffesnuget\evilgiraffes.tests\bin\debug\net6.0\evilgiraffes.tests.dll" id="f225fc5a-e678-af65-5fdc-408994301373">
      <Execution id="bffd7d36-959e-4828-a8cf-ad4707f717da" />
      <TestMethod codeBase="D:\Programmering\VScodeProjects\EvilGiraffesNuget\EvilGiraffes.Tests\bin\Debug\net6.0\EvilGiraffes.Tests.dll" adapterTypeName="executor://xunit/VsTestRunner2/netcoreapp" className="EvilGiraffes.Tests.CompletionRunnerTest" name="ReturnOneArgTest" />
    </UnitTest>
    <UnitTest name="EvilGiraffes.Tests.Matrix2DTest.InitializationExceptionTest(length: 501, width: 801)" storage="d:\programmering\vscodeprojects\evilgiraffesnuget\evilgiraffes.tests\bin\debug\net6.0\evilgiraffes.tests.dll" id="83c8cfaa-4845-d78e-3666-761cb04a933f">
      <Execution id="cfe25db7-bc0e-4df9-a045-710682d154c5" />
      <TestMethod codeBase="D:\Programmering\VScodeProjects\EvilGiraffesNuget\EvilGiraffes.Tests\bin\Debug\net6.0\EvilGiraffes.Tests.dll" adapterTypeName="executor://xunit/VsTestRunner2/netcoreapp" className="EvilGiraffes.Tests.Matrix2DTest" name="InitializationExceptionTest" />
    </UnitTest>
    <UnitTest name="EvilGiraffes.Tests.CompletionRunnerTest.VoidOneArgTest(initialValue: 383, additionValues: [553, 418, 693])" storage="d:\programmering\vscodeprojects\evilgiraffesnuget\evilgiraffes.tests\bin\debug\net6.0\evilgiraffes.tests.dll" id="08eafddc-71fe-f94f-2545-0492d11c3809">
      <Execution id="31ecd499-ae51-445c-8e7a-d59867f694e8" />
      <TestMethod codeBase="D:\Programmering\VScodeProjects\EvilGiraffesNuget\EvilGiraffes.Tests\bin\Debug\net6.0\EvilGiraffes.Tests.dll" adapterTypeName="executor://xunit/VsTestRunner2/netcoreapp" className="EvilGiraffes.Tests.CompletionRunnerTest" name="VoidOneArgTest" />
    </UnitTest>
    <UnitTest name="EvilGiraffes.Tests.CompletionRunnerTest.VoidThreeArgTest(initialValue: 356, additionValues: [942, 998, 19])" storage="d:\programmering\vscodeprojects\evilgiraffesnuget\evilgiraffes.tests\bin\debug\net6.0\evilgiraffes.tests.dll" id="8f9e0656-720a-a302-c13d-cff3d18c7723">
      <Execution id="5f4b7c52-f32b-4e4b-920b-e657b443c89e" />
      <TestMethod codeBase="D:\Programmering\VScodeProjects\EvilGiraffesNuget\EvilGiraffes.Tests\bin\Debug\net6.0\EvilGiraffes.Tests.dll" adapterTypeName="executor://xunit/VsTestRunner2/netcoreapp" className="EvilGiraffes.Tests.CompletionRunnerTest" name="VoidThreeArgTest" />
    </UnitTest>
    <UnitTest name="EvilGiraffes.Tests.CompletionRunnerTest.ReturnTwoArgTest(initialValue: 611, additionValues: [283, 995, 808])" storage="d:\programmering\vscodeprojects\evilgiraffesnuget\evilgiraffes.tests\bin\debug\net6.0\evilgiraffes.tests.dll" id="74cc0d53-cb25-6ea5-79b7-f27a562641ac">
      <Execution id="247c7057-59ec-4f54-8623-6e274fee72d4" />
      <TestMethod codeBase="D:\Programmering\VScodeProjects\EvilGiraffesNuget\EvilGiraffes.Tests\bin\Debug\net6.0\EvilGiraffes.Tests.dll" adapterTypeName="executor://xunit/VsTestRunner2/netcoreapp" className="EvilGiraffes.Tests.CompletionRunnerTest" name="ReturnTwoArgTest" />
    </UnitTest>
    <UnitTest name="EvilGiraffes.Tests.CompletionRunnerTest.VoidTwoArgTest(initialValue: 764, additionValues: [743, 460, 652])" storage="d:\programmering\vscodeprojects\evilgiraffesnuget\evilgiraffes.tests\bin\debug\net6.0\evilgiraffes.tests.dll" id="a110d97a-a456-6c98-aeba-aec6d29bf108">
      <Execution id="b6fed7d9-7953-435f-9080-9480dcd840fc" />
      <TestMethod codeBase="D:\Programmering\VScodeProjects\EvilGiraffesNuget\EvilGiraffes.Tests\bin\Debug\net6.0\EvilGiraffes.Tests.dll" adapterTypeName="executor://xunit/VsTestRunner2/netcoreapp" className="EvilGiraffes.Tests.CompletionRunnerTest" name="VoidTwoArgTest" />
    </UnitTest>
    <UnitTest name="EvilGiraffes.Tests.CompletionRunnerTest.VoidTriesTest(runs: 9)" storage="d:\programmering\vscodeprojects\evilgiraffesnuget\evilgiraffes.tests\bin\debug\net6.0\evilgiraffes.tests.dll" id="33706c47-fbe8-9b4f-2c1c-d4c1612097b9">
      <Execution id="f1f11ff0-2658-4cc1-92dd-d225d7747e2a" />
      <TestMethod codeBase="D:\Programmering\VScodeProjects\EvilGiraffesNuget\EvilGiraffes.Tests\bin\Debug\net6.0\EvilGiraffes.Tests.dll" adapterTypeName="executor://xunit/VsTestRunner2/netcoreapp" className="EvilGiraffes.Tests.CompletionRunnerTest" name="VoidTriesTest" />
    </UnitTest>
    <UnitTest name="EvilGiraffes.Tests.Matrix2DTest.InitializationFunctionTest(length: 119, width: 62)" storage="d:\programmering\vscodeprojects\evilgiraffesnuget\evilgiraffes.tests\bin\debug\net6.0\evilgiraffes.tests.dll" id="dc3f5e58-f38f-5d58-7bb8-a25e4ec4ecc2">
      <Execution id="78c151d7-c99d-4e6c-bbf7-87424a84b9f5" />
      <TestMethod codeBase="D:\Programmering\VScodeProjects\EvilGiraffesNuget\EvilGiraffes.Tests\bin\Debug\net6.0\EvilGiraffes.Tests.dll" adapterTypeName="executor://xunit/VsTestRunner2/netcoreapp" className="EvilGiraffes.Tests.Matrix2DTest" name="InitializationFunctionTest" />
    </UnitTest>
    <UnitTest name="EvilGiraffes.Tests.CompletionRunnerTest.ReturnTriesTest(runs: 6)" storage="d:\programmering\vscodeprojects\evilgiraffesnuget\evilgiraffes.tests\bin\debug\net6.0\evilgiraffes.tests.dll" id="885c7d5d-048a-da36-02bb-6e9dd43eb743">
      <Execution id="cd5ed047-4045-4c7a-a9b6-a04af6298209" />
      <TestMethod codeBase="D:\Programmering\VScodeProjects\EvilGiraffesNuget\EvilGiraffes.Tests\bin\Debug\net6.0\EvilGiraffes.Tests.dll" adapterTypeName="executor://xunit/VsTestRunner2/netcoreapp" className="EvilGiraffes.Tests.CompletionRunnerTest" name="ReturnTriesTest" />
    </UnitTest>
    <UnitTest name="EvilGiraffes.Tests.Matrix2DTest.RowOffsetTest(inserted: 748, length: 89, width: 888)" storage="d:\programmering\vscodeprojects\evilgiraffesnuget\evilgiraffes.tests\bin\debug\net6.0\evilgiraffes.tests.dll" id="152c6a4b-2115-7d0b-2ced-a412b39fb92a">
      <Execution id="aba80c52-76d8-4ef9-b106-e8cfa7bfb235" />
      <TestMethod codeBase="D:\Programmering\VScodeProjects\EvilGiraffesNuget\EvilGiraffes.Tests\bin\Debug\net6.0\EvilGiraffes.Tests.dll" adapterTypeName="executor://xunit/VsTestRunner2/netcoreapp" className="EvilGiraffes.Tests.Matrix2DTest" name="RowOffsetTest" />
    </UnitTest>
  </TestDefinitions>
  <TestEntries>
    <TestEntry testId="8cdaa33c-b1a2-72c7-c8e5-734b69bc0818" executionId="9daaf6b2-2f20-45cf-9726-3167cd0fab2f" testListId="8c84fa94-04c1-424b-9868-57a2d4851a1d" />
    <TestEntry testId="08eafddc-71fe-f94f-2545-0492d11c3809" executionId="31ecd499-ae51-445c-8e7a-d59867f694e8" testListId="8c84fa94-04c1-424b-9868-57a2d4851a1d" />
    <TestEntry testId="a68aa26c-a82b-bc78-2eaa-a6a29d590743" executionId="2d251ae8-5253-409e-b76e-bad533ef38a0" testListId="8c84fa94-04c1-424b-9868-57a2d4851a1d" />
    <TestEntry testId="75eb7fa9-dbdb-207f-7ab2-9416fa8edf8e" executionId="bd0aec79-c7a3-4498-939b-4eae030fec20" testListId="8c84fa94-04c1-424b-9868-57a2d4851a1d" />
    <TestEntry testId="98282100-fddc-a099-86db-8e2b8da35c2c" executionId="97efe1e9-db9b-4ca7-91a7-2b316dae0085" testListId="8c84fa94-04c1-424b-9868-57a2d4851a1d" />
    <TestEntry testId="74cc0d53-cb25-6ea5-79b7-f27a562641ac" executionId="247c7057-59ec-4f54-8623-6e274fee72d4" testListId="8c84fa94-04c1-424b-9868-57a2d4851a1d" />
    <TestEntry testId="8f9e0656-720a-a302-c13d-cff3d18c7723" executionId="5f4b7c52-f32b-4e4b-920b-e657b443c89e" testListId="8c84fa94-04c1-424b-9868-57a2d4851a1d" />
    <TestEntry testId="83c8cfaa-4845-d78e-3666-761cb04a933f" executionId="cfe25db7-bc0e-4df9-a045-710682d154c5" testListId="8c84fa94-04c1-424b-9868-57a2d4851a1d" />
    <TestEntry testId="33706c47-fbe8-9b4f-2c1c-d4c1612097b9" executionId="f1f11ff0-2658-4cc1-92dd-d225d7747e2a" testListId="8c84fa94-04c1-424b-9868-57a2d4851a1d" />
    <TestEntry testId="64473a0d-7fff-33aa-a8d7-5ac6d994b02f" executionId="5fe35f20-885f-4bf2-9db1-45d5f5a8159d" testListId="8c84fa94-04c1-424b-9868-57a2d4851a1d" />
    <TestEntry testId="885c7d5d-048a-da36-02bb-6e9dd43eb743" executionId="cd5ed047-4045-4c7a-a9b6-a04af6298209" testListId="8c84fa94-04c1-424b-9868-57a2d4851a1d" />
    <TestEntry testId="dc3f5e58-f38f-5d58-7bb8-a25e4ec4ecc2" executionId="78c151d7-c99d-4e6c-bbf7-87424a84b9f5" testListId="8c84fa94-04c1-424b-9868-57a2d4851a1d" />
    <TestEntry testId="aea45d15-e3be-65bf-3787-5b59c4752ec8" executionId="00acfded-6be1-4f87-935a-05d2e99e9011" testListId="8c84fa94-04c1-424b-9868-57a2d4851a1d" />
    <TestEntry testId="a110d97a-a456-6c98-aeba-aec6d29bf108" executionId="b6fed7d9-7953-435f-9080-9480dcd840fc" testListId="8c84fa94-04c1-424b-9868-57a2d4851a1d" />
    <TestEntry testId="f280ae12-f628-6b91-8187-d1a70540a62a" executionId="27d2fe9d-65fd-4c50-bf03-8ed532e01b5e" testListId="8c84fa94-04c1-424b-9868-57a2d4851a1d" />
    <TestEntry testId="fc4ab83f-c86f-9307-163f-37385f97bc8e" executionId="2f420aef-4740-49b8-9e60-ede0445b526f" testListId="8c84fa94-04c1-424b-9868-57a2d4851a1d" />
    <TestEntry testId="f225fc5a-e678-af65-5fdc-408994301373" executionId="bffd7d36-959e-4828-a8cf-ad4707f717da" testListId="8c84fa94-04c1-424b-9868-57a2d4851a1d" />
    <TestEntry testId="152c6a4b-2115-7d0b-2ced-a412b39fb92a" executionId="aba80c52-76d8-4ef9-b106-e8cfa7bfb235" testListId="8c84fa94-04c1-424b-9868-57a2d4851a1d" />
    <TestEntry testId="de9d7d69-5b43-5340-1b1c-b7932c1363de" executionId="f50aca6e-c344-42f2-983d-532ceede0cf0" testListId="8c84fa94-04c1-424b-9868-57a2d4851a1d" />
  </TestEntries>
  <TestLists>
    <TestList name="Results Not in a List" id="8c84fa94-04c1-424b-9868-57a2d4851a1d" />
    <TestList name="All Loaded Results" id="19431567-8539-422a-85d7-44ee4e166bda" />
  </TestLists>
  <ResultSummary outcome="Completed">
    <Counters total="19" executed="19" passed="19" failed="0" error="0" timeout="0" aborted="0" inconclusive="0" passedButRunAborted="0" notRunnable="0" notExecuted="0" disconnected="0" warning="0" completed="0" inProgress="0" pending="0" />
    <Output>
      <StdOut>[xUnit.net 00:00:00.00] xUnit.net VSTest Adapter v2.4.5+1caef2f33e (64-bit .NET 6.0.3)&#xD;
[xUnit.net 00:00:00.21]   Discovering: EvilGiraffes.Tests&#xD;
[xUnit.net 00:00:00.25]   Discovered:  EvilGiraffes.Tests&#xD;
[xUnit.net 00:00:00.25]   Starting:    EvilGiraffes.Tests&#xD;
[xUnit.net 00:00:00.33]   Finished:    EvilGiraffes.Tests&#xD;
</StdOut>
    </Output>
  </ResultSummary>
</TestRun>